// Jest Snapshot v1, https://goo.gl/fbAQLP

exports[`<Card /> should render Card components 1`] = `
<Card
  padding="sm"
>
  <Paper
    borderRadius="all"
    padding="none"
  >
    <Boost(paper)
      borderRadius="all"
      padding="none"
      tagName="div"
    >
      <Tag
        borderRadius="all"
        className="emotion-0 emotion-1"
        padding="none"
        tagName="div"
      >
        <div
          className="emotion-0 emotion-1"
        >
          <CardHeader
            padding="md"
          >
            <Boost(cardHeader)
              padding="md"
              tagName="div"
            >
              <Tag
                className="emotion-0 emotion-1"
                padding="md"
                tagName="div"
              >
                <div
                  className="emotion-0 emotion-1"
                >
                  Header
                </div>
              </Tag>
            </Boost(cardHeader)>
          </CardHeader>
          <CardBody
            padding="lg"
            scrollable={true}
          >
            <Boost(cardBody)
              padding="lg"
              scrollable={true}
              tagName="div"
            >
              <Tag
                className="emotion-0 emotion-1"
                padding="lg"
                scrollable={true}
                tagName="div"
              >
                <div
                  className="emotion-0 emotion-1"
                >
                  <CardSection
                    padding="md"
                  >
                    <Boost(cardSection)
                      padding="md"
                      tagName="div"
                    >
                      <Tag
                        className="emotion-0 emotion-1"
                        padding="md"
                        tagName="div"
                      >
                        <div
                          className="emotion-0 emotion-1"
                        >
                          Body
                        </div>
                      </Tag>
                    </Boost(cardSection)>
                  </CardSection>
                </div>
              </Tag>
            </Boost(cardBody)>
          </CardBody>
          <CardFooter
            padding="xl"
          >
            <Boost(cardFooter)
              padding="xl"
              tagName="div"
            >
              <Tag
                className="emotion-0 emotion-1"
                padding="xl"
                tagName="div"
              >
                <div
                  className="emotion-0 emotion-1"
                >
                  Footer
                </div>
              </Tag>
            </Boost(cardFooter)>
          </CardFooter>
        </div>
      </Tag>
    </Boost(paper)>
  </Paper>
</Card>
`;
