// Jest Snapshot v1, https://goo.gl/fbAQLP

exports[`<Card /> should render Card components 1`] = `
.emotion-16 {
  display: -webkit-box;
  display: -webkit-flex;
  display: -ms-flexbox;
  display: flex;
  -webkit-flex-direction: column;
  -ms-flex-direction: column;
  flex-direction: column;
  max-height: 100%;
}

.emotion-0 {
  display: -webkit-box;
  display: -webkit-flex;
  display: -ms-flexbox;
  display: flex;
  -webkit-align-items: center;
  -webkit-box-align: center;
  -ms-flex-align: center;
  align-items: center;
  position: relative;
  -webkit-flex-shrink: 0;
  -ms-flex-negative: 0;
  flex-shrink: 0;
  height: 64px;
}

.emotion-12 {
  -webkit-flex-shrink: 0;
  -ms-flex-negative: 0;
  flex-shrink: 0;
}

<Card
  padding="sm"
>
  <Paper>
    <Styled(paper)
      tagName="div"
    >
      <Tag
        className="emotion-16 emotion-1"
        tagName="div"
      >
        <div
          className="emotion-16 emotion-1"
        >
          <CardHeader
            key=".0"
            padding="sm"
          >
            <Styled(cardHeader)
              padding="sm"
              tagName="div"
            >
              <Tag
                className="emotion-0 emotion-1"
                padding="sm"
                tagName="div"
              >
                <div
                  className="emotion-0 emotion-1"
                >
                  Header
                </div>
              </Tag>
            </Styled(cardHeader)>
          </CardHeader>
          <CardBody
            key=".1"
            padding="sm"
          >
            <Styled(cardBody)
              padding="sm"
              tagName="div"
            >
              <Tag
                className="emotion-8 emotion-1"
                padding="sm"
                tagName="div"
              >
                <div
                  className="emotion-8 emotion-1"
                >
                  <CardSection
                    padding="md"
                  >
                    <Styled(cardSection)
                      padding="md"
                      tagName="div"
                    >
                      <Tag
                        className="emotion-4 emotion-1"
                        padding="md"
                        tagName="div"
                      >
                        <div
                          className="emotion-4 emotion-1"
                        >
                          Body
                        </div>
                      </Tag>
                    </Styled(cardSection)>
                  </CardSection>
                </div>
              </Tag>
            </Styled(cardBody)>
          </CardBody>
          <CardFooter
            key=".2"
            padding="sm"
          >
            <Styled(cardFooter)
              padding="sm"
              tagName="div"
            >
              <Tag
                className="emotion-12 emotion-1"
                padding="sm"
                tagName="div"
              >
                <div
                  className="emotion-12 emotion-1"
                >
                  Footer
                </div>
              </Tag>
            </Styled(cardFooter)>
          </CardFooter>
        </div>
      </Tag>
    </Styled(paper)>
  </Paper>
</Card>
`;
