// Jest Snapshot v1, https://goo.gl/fbAQLP

exports[`<Navigation /> should shallow navigation 1`] = `
<Boost(navigation)
  collapsedWidth="60px"
  color="GREEN"
  insideRef={
    Object {
      "current": null,
    }
  }
  tagName="nav"
>
  <NavigationItem
    color="GREEN"
    href="/jobs"
    icon="Trashcan"
    key=".0"
    label="Jobs"
    parentExpanded={false}
    tagName="a"
  />
</Boost(navigation)>
`;

exports[`<Navigation /> should shallow navigation item 1`] = `
<Boost(navigationItem)
  href="/jobs"
  tagName="a"
>
  <Boost(navigationItemIcon)
    modifiers={
      Object {
        "href": "/jobs",
        "tagName": "a",
      }
    }
    tagName="div"
  >
    <Icon
      color="WHITE"
      name="Trashcan"
      size="md"
    />
  </Boost(navigationItemIcon)>
  <Boost(navigationItemLabel)
    className="NavigationItem-label"
    modifiers={
      Object {
        "href": "/jobs",
        "tagName": "a",
      }
    }
    tagName="div"
  >
    Jobs
  </Boost(navigationItemLabel)>
</Boost(navigationItem)>
`;
