// Jest Snapshot v1, https://goo.gl/fbAQLP

exports[`<SecondaryNavigation /> should shallow SecondaryNavigation 1`] = `
<Boost(secondaryNavigation)
  tagName="nav"
>
  <SecondaryNavigationItem
    label="First item"
  />
</Boost(secondaryNavigation)>
`;

exports[`<SecondaryNavigation /> should shallow SecondaryNavigation item 1`] = `
<Boost(secondaryNavigationItem)
  hovered={false}
  onMouseEnter={[Function]}
  onMouseLeave={[Function]}
  tagName="div"
>
  <Boost(secondaryNavigationItemLabel)
    modifiers={Object {}}
    tagName="span"
  >
    First item
  </Boost(secondaryNavigationItemLabel)>
</Boost(secondaryNavigationItem)>
`;
